C51 COMPILER V9.60.0.0   CODE                                                              07/24/2022 21:58:51 PAGE 1   


C51 COMPILER V9.60.0.0, COMPILATION OF MODULE CODE
OBJECT MODULE PLACED IN .\Objects\code.obj
COMPILER INVOKED BY: C:\Keil_v5\C51\BIN\C51.EXE code.c OPTIMIZE(8,SPEED) BROWSE DEBUG OBJECTEXTEND PRINT(.\Listings\code
                    -.lst) TABS(2) OBJECT(.\Objects\code.obj)

line level    source

   1          #include <reg51.h>
   2          #include <stdio.h>
   3          
   4          sbit test_led=P3^1;
   5          sbit entry_lane1=P3^2;
   6          sbit entry_lane2=P3^3;
   7          sbit unit1=P3^6;
   8          sbit ten1=P3^7;
   9          sbit unit2=P3^4;
  10          sbit ten2=P3^5;
  11          unsigned char arr[]={0xC0,0xF9,0xA4,0xB0,0x99,0x92,0x82,0xF8,0x80,0x90};  
  12          //{0,1,2,3,4,5,6,7,8,9} seven segemnt code in hex for active low (0). gfedcba
  13          unsigned char u1,u2;
  14          unsigned char t1,t2;
  15          unsigned int count1=0;
  16          unsigned int count2=0;
  17          
  18          unsigned int x=0,y=0;
  19          
  20          void timer() interrupt 3
  21          {
  22   1         y++;
  23   1         if(y==5000)
  24   1         {
  25   2            IE=0;
  26   2            test_led=1;
  27   2         }
  28   1         else
  29   1         {
  30   2            TH1=0xD1; //we need 60 sec delay.
  31   2            TL1=0x1F;  //after each roll over it take 0.012 sec and 0.012x5000=60 sec.
  32   2         }
  33   1      }
  34          
  35          void entry1() interrupt 0
  36          {
  37   1        u1=count1%10;
  38   1        t1=count1/10;
  39   1        count1++; 
  40   1      }
  41          void entry2() interrupt 2
  42          {
  43   1        u2=count2%10;
  44   1        t2=count2/10;
  45   1        count2++;
  46   1      }
  47          
  48          void strt()
  49          {
  50   1         TR1=1;
  51   1      }
  52          
  53          void main(void)
  54           { 
C51 COMPILER V9.60.0.0   CODE                                                              07/24/2022 21:58:51 PAGE 2   

  55   1          entry_lane1=1;   //configure as input.
  56   1          entry_lane2=1;  //configure as input.
  57   1          test_led=0;
  58   1          P1=0;
  59   1          P2=0;
  60   1          IT0=1;        //edge trigger external interrupt 0.
  61   1          IT1=1;         //edge trigger  external interrupt 1.
  62   1          IE=0x8D;     //enable EX0, EX1, ET1.
  63   1          TMOD=0x10;   //timer1 mode 1 (16 bits)
  64   1          TH1=0xD1;   
  65   1          TL1=0x1F;
  66   1          strt();
  67   1         while (1)
  68   1         { 
  69   2            for(x=0; x<4000; x++);
  70   2            unit1=1; ten1=0;
  71   2            P1=arr[u1];
  72   2      
  73   2            for(x=0; x<4000; x++);
  74   2            unit1=0; ten1=1;
  75   2            P1=arr[t1];
  76   2            if(count1==100)
  77   2            count1=0;
  78   2            
  79   2            for(x=0; x<4000; x++);
  80   2            unit2=1; ten2=0;
  81   2            P2=arr[u2];
  82   2      
  83   2            for(x=0; x<4000; x++);
  84   2            unit2=0; ten2=1;
  85   2            P2=arr[t2];
  86   2            if(count2==4000)
  87   2            count2=0; 
  88   2           
  89   2         }
  90   1       }
  91          
  92          


MODULE INFORMATION:   STATIC OVERLAYABLE
   CODE SIZE        =    377    ----
   CONSTANT SIZE    =   ----    ----
   XDATA SIZE       =   ----    ----
   PDATA SIZE       =   ----    ----
   DATA SIZE        =     22    ----
   IDATA SIZE       =   ----    ----
   BIT SIZE         =   ----    ----
END OF MODULE INFORMATION.


C51 COMPILATION COMPLETE.  0 WARNING(S),  0 ERROR(S)
