A51 MACRO ASSEMBLER  FILE1                                                                04/18/2022 21:49:04 PAGE     1


MACRO ASSEMBLER A51 V8.2.7.0
OBJECT MODULE PLACED IN .\Objects\file1.obj
ASSEMBLER INVOKED BY: C:\Keil_v5\C51\BIN\A51.EXE file1.a51 SET(SMALL) DEBUG PRINT(.\Listings\file1.lst) OBJECT(.\Objects
                      \file1.obj) EP

LOC  OBJ            LINE     SOURCE

0000                   1     ORG 00H
0000                   2             HERE:
0000 74FF              3             MOV A,#0FFH
0002 F590              4             MOV P1,A
0004 F5A0              5             MOV P2,A
0006 7400              6             MOV A,#00H
0008 F590              7             MOV P1,A
000A F5A0              8             MOV P2,A
000C 80F2              9             SJMP HERE  ;short jump
                      10     END
A51 MACRO ASSEMBLER  FILE1                                                                04/18/2022 21:49:04 PAGE     2

SYMBOL TABLE LISTING
------ ----- -------


N A M E             T Y P E  V A L U E   ATTRIBUTES

HERE . . . . . . .  C ADDR   0000H   A   
P1 . . . . . . . .  D ADDR   0090H   A   
P2 . . . . . . . .  D ADDR   00A0H   A   


REGISTER BANK(S) USED: 0 


ASSEMBLY COMPLETE.  0 WARNING(S), 0 ERROR(S)
